pytest : C:\Users\pooja\App
Data\Local\Programs\Python\
Python312\Lib\site-packages
\pytest_asyncio\plugin.py:2
47: 
PytestDeprecationWarning: 
The configuration option "a
syncio_default_fixture_loop
_scope" is unset.
At line:1 char:24
+ ... 
env:PYTHONPATH="src"; 
pytest tests/ -v > 
test_output.txt 2>&1; cat 
te ...
+                          
 ~~~~~~~~~~~~~~~~~~~~~~~~~~
~~~~~~~~~~~~~
    + CategoryInfo         
     : NotSpecified: (C:\  
  Users\pooja\...cope" i   
 s unset.:String) [], R    
emoteException
    + FullyQualifiedErrorI 
   d : NativeCommandError
 
The event loop scope for 
asynchronous fixtures will 
default to the fixture 
caching scope. Future 
versions of pytest-asyncio 
will default the loop 
scope for asynchronous 
fixtures to function 
scope. Set the default 
fixture loop scope 
explicitly in order to 
avoid unexpected behavior 
in the future. Valid 
fixture loop scopes are: 
"function", "class", 
"module", "package", 
"session"

  warnings.warn(PytestDepre
cationWarning(_DEFAULT_FIXT
URE_LOOP_SCOPE_UNSET))
============================= test session starts =============================
platform win32 -- Python 3.12.9, pytest-8.0.2, pluggy-1.6.0 -- C:\Users\pooja\AppData\Local\Programs\Python\Python312\python.exe
cachedir: .pytest_cache
rootdir: C:\Users\pooja\Downloads\PulseNet
configfile: pyproject.toml
plugins: anyio-4.12.1, Faker-40.4.0, langsmith-0.7.7, asyncio-1.3.0, cov-7.1.0, mock-3.15.1, zarr-3.1.5
asyncio: mode=Mode.AUTO, debug=False, asyncio_default_fixture_loop_scope=None, asyncio_default_test_loop_scope=function
collecting ... collected 52 items

tests/test_api.py::TestHealthEndpoint::test_health_no_auth PASSED        [  1%]
tests/test_api.py::TestHealthEndpoint::test_health_fields PASSED         [  3%]
tests/test_api.py::TestAuthEndpoint::test_valid_login PASSED             [  5%]
tests/test_api.py::TestAuthEndpoint::test_invalid_login PASSED           [  7%]
tests/test_api.py::TestAuthEndpoint::test_operator_login PASSED          [  9%]
tests/test_api.py::TestPredictEndpoint::test_predict_no_auth PASSED      [ 11%]
tests/test_api.py::TestPredictEndpoint::test_predict_invalid_input PASSED [ 13%]
tests/test_api.py::TestAuditEndpoint::test_audit_requires_auth PASSED    [ 15%]
tests/test_api.py::TestAuditEndpoint::test_audit_with_auth PASSED        [ 17%]
tests/test_api.py::TestAuditEndpoint::test_audit_rbac PASSED             [ 19%]
tests/test_api.py::TestVerifyChainEndpoint::test_verify_requires_auth PASSED [ 21%]
tests/test_api.py::TestVerifyChainEndpoint::test_verify_with_auth PASSED [ 23%]
tests/test_models.py::TestIsolationForest::test_train_predict PASSED     [ 25%]
tests/test_models.py::TestIsolationForest::test_score PASSED             [ 26%]
tests/test_models.py::TestIsolationForest::test_health_index PASSED      [ 28%]
tests/test_models.py::TestIsolationForest::test_save_load PASSED         [ 30%]
tests/test_models.py::TestIsolationForest::test_evaluate PASSED          [ 32%]
tests/test_models.py::TestIsolationForest::test_tune PASSED              [ 34%]
tests/test_models.py::TestIsolationForest::test_optimize_threshold PASSED [ 36%]
tests/test_models.py::TestModelRegistry::test_register_and_get PASSED    [ 38%]
tests/test_models.py::TestModelRegistry::test_get_unknown PASSED         [ 40%]
tests/test_models.py::TestModelRegistry::test_compare_all PASSED         [ 42%]
tests/test_models.py::TestTrainingPipeline::test_train_model PASSED      [ 44%]
tests/test_models.py::TestTrainingPipeline::test_load_latest PASSED      [ 46%]
tests/test_pipeline.py::TestPreprocessing::test_rolling_features PASSED  [ 48%]
tests/test_pipeline.py::TestPreprocessing::test_normalize PASSED         [ 50%]
tests/test_pipeline.py::TestPreprocessing::test_get_feature_columns PASSED [ 51%]
tests/test_pipeline.py::TestPreprocessing::test_create_labels PASSED     [ 53%]
tests/test_pipeline.py::TestPreprocessing::test_create_sequences PASSED  [ 55%]
tests/test_pipeline.py::TestStreamingQueue::test_put_get PASSED          [ 57%]
tests/test_pipeline.py::TestStreamingQueue::test_backpressure PASSED     [ 59%]
tests/test_pipeline.py::TestStreamingQueue::test_drain_batch PASSED      [ 61%]
tests/test_pipeline.py::TestStreamingQueue::test_metrics PASSED          [ 63%]
tests/test_pipeline.py::TestConfigAndLogging::test_config_loads PASSED   [ 65%]
tests/test_pipeline.py::TestConfigAndLogging::test_logger PASSED         [ 67%]
tests/test_security.py::TestEncryptionManager::test_encrypt_decrypt_roundtrip PASSED [ 69%]
tests/test_security.py::TestEncryptionManager::test_encrypt_decrypt_bytes PASSED [ 71%]
tests/test_security.py::TestEncryptionManager::test_encrypt_dataframe PASSED [ 73%]
tests/test_security.py::TestEncryptionManager::test_key_rotation PASSED  [ 75%]
tests/test_security.py::TestEncryptionManager::test_encrypt_payload PASSED [ 76%]
tests/test_security.py::TestEncryptionManager::test_decrypt_cell PASSED  [ 78%]
tests/test_security.py::TestBlockchain::test_genesis_block ERROR         [ 80%]
tests/test_security.py::TestBlockchain::test_add_entry ERROR             [ 82%]
tests/test_security.py::TestBlockchain::test_validate_integrity ERROR    [ 84%]
tests/test_security.py::TestBlockchain::test_tamper_detection ERROR      [ 86%]
tests/test_security.py::TestBlockchain::test_merkle_root ERROR           [ 88%]
tests/test_security.py::TestBlockchain::test_chain_persistence FAILED    [ 90%]
tests/test_security.py::TestBlockchain::test_get_metrics ERROR           [ 92%]
tests/test_security.py::TestBlockchain::test_get_recent_blocks ERROR     [ 94%]
tests/test_security.py::TestAuditLogger::test_log_access PASSED          [ 96%]
tests/test_security.py::TestAuditLogger::test_get_recent FAILED          [ 98%]
tests/test_security.py::TestAuditLogger::test_verify_integrity PASSED    [100%]

=================================== ERRORS ====================================
_____________ ERROR at setup of TestBlockchain.test_genesis_block _____________

self = <tests.test_security.TestBlockchain object at 0x00000265D7B7C2C0>
temp_dir = WindowsPath('C:/Users/pooja/AppData/Local/Temp/pytest-of-pooja/pytest-128/test_genesis_block0')

    @pytest.fixture
    def ledger(self, temp_dir):
>       return BlackBoxLedger(storage_path=str(temp_dir / "test_chain.json"))
E       TypeError: BlackBoxLedger.__init__() got an unexpected keyword argument 'storage_path'

tests\test_security.py:69: TypeError
_______________ ERROR at setup of TestBlockchain.test_add_entry _______________

self = <tests.test_security.TestBlockchain object at 0x00000265D7B7C4D0>
temp_dir = WindowsPath('C:/Users/pooja/AppData/Local/Temp/pytest-of-pooja/pytest-128/test_add_entry0')

    @pytest.fixture
    def ledger(self, temp_dir):
>       return BlackBoxLedger(storage_path=str(temp_dir / "test_chain.json"))
E       TypeError: BlackBoxLedger.__init__() got an unexpected keyword argument 'storage_path'

tests\test_security.py:69: TypeError
__________ ERROR at setup of TestBlockchain.test_validate_integrity ___________

self = <tests.test_security.TestBlockchain object at 0x00000265D7B7C740>
temp_dir = WindowsPath('C:/Users/pooja/AppData/Local/Temp/pytest-of-pooja/pytest-128/test_validate_integrity0')

    @pytest.fixture
    def ledger(self, temp_dir):
>       return BlackBoxLedger(storage_path=str(temp_dir / "test_chain.json"))
E       TypeError: BlackBoxLedger.__init__() got an unexpected keyword argument 'storage_path'

tests\test_security.py:69: TypeError
___________ ERROR at setup of TestBlockchain.test_tamper_detection ____________

self = <tests.test_security.TestBlockchain object at 0x00000265D7B7C9B0>
temp_dir = WindowsPath('C:/Users/pooja/AppData/Local/Temp/pytest-of-pooja/pytest-128/test_tamper_detection0')

    @pytest.fixture
    def ledger(self, temp_dir):
>       return BlackBoxLedger(storage_path=str(temp_dir / "test_chain.json"))
E       TypeError: BlackBoxLedger.__init__() got an unexpected keyword argument 'storage_path'

tests\test_security.py:69: TypeError
______________ ERROR at setup of TestBlockchain.test_merkle_root ______________

self = <tests.test_security.TestBlockchain object at 0x00000265D7B7CC20>
temp_dir = WindowsPath('C:/Users/pooja/AppData/Local/Temp/pytest-of-pooja/pytest-128/test_merkle_root0')

    @pytest.fixture
    def ledger(self, temp_dir):
>       return BlackBoxLedger(storage_path=str(temp_dir / "test_chain.json"))
E       TypeError: BlackBoxLedger.__init__() got an unexpected keyword argument 'storage_path'

tests\test_security.py:69: TypeError
______________ ERROR at setup of TestBlockchain.test_get_metrics ______________

self = <tests.test_security.TestBlockchain object at 0x00000265D7B7D0D0>
temp_dir = WindowsPath('C:/Users/pooja/AppData/Local/Temp/pytest-of-pooja/pytest-128/test_get_metrics0')

    @pytest.fixture
    def ledger(self, temp_dir):
>       return BlackBoxLedger(storage_path=str(temp_dir / "test_chain.json"))
E       TypeError: BlackBoxLedger.__init__() got an unexpected keyword argument 'storage_path'

tests\test_security.py:69: TypeError
___________ ERROR at setup of TestBlockchain.test_get_recent_blocks ___________

self = <tests.test_security.TestBlockchain object at 0x00000265D7B7D340>
temp_dir = WindowsPath('C:/Users/pooja/AppData/Local/Temp/pytest-of-pooja/pytest-128/test_get_recent_blocks0')

    @pytest.fixture
    def ledger(self, temp_dir):
>       return BlackBoxLedger(storage_path=str(temp_dir / "test_chain.json"))
E       TypeError: BlackBoxLedger.__init__() got an unexpected keyword argument 'storage_path'

tests\test_security.py:69: TypeError
================================== FAILURES ===================================
____________________ TestBlockchain.test_chain_persistence ____________________

self = <tests.test_security.TestBlockchain object at 0x00000265D7B7CE90>
temp_dir = WindowsPath('C:/Users/pooja/AppData/Local/Temp/pytest-of-pooja/pytest-128/test_chain_persistence0')

    def test_chain_persistence(self, temp_dir):
        file = str(temp_dir / "persist_chain.json")
        l1 = BlackBoxLedger(file)
        l1.add_entry(1, 100, 85.5, "OPTIMAL")
        l1.save_chain()  # explicit save due to flush_interval memory buffering
>       hash1 = l1.chain[1].hash
E       AttributeError: 'BlackBoxLedger' object has no attribute 'chain'

tests\test_security.py:114: AttributeError
---------------------------- Captured stdout call -----------------------------
[32m06:55:24 [INFO    ][0m pulsenet.security.blockchain: Genesis block created for tenant: public
_______________________ TestAuditLogger.test_get_recent _______________________

self = <tests.test_security.TestAuditLogger object at 0x00000265D7B7D8E0>
audit = <pulsenet.security.audit.AuditLogger object at 0x00000265D7D2FE00>

    def test_get_recent(self, audit):
        audit.log_access("/health", "GET", "user1", "operator")
        audit.log_access("/predict", "POST", "user2", "engineer")
        entries = audit.get_recent()
>       assert len(entries) == 2
E       assert 0 == 2
E        +  where 0 = len([])

tests\test_security.py:154: AssertionError
============================== warnings summary ===============================
tests/test_api.py::TestPredictEndpoint::test_predict_invalid_input
tests/test_api.py::TestAuditEndpoint::test_audit_with_auth
tests/test_api.py::TestAuditEndpoint::test_audit_rbac
tests/test_api.py::TestVerifyChainEndpoint::test_verify_with_auth
  C:\Users\pooja\AppData\Local\Programs\Python\Python312\Lib\site-packages\jose\jwt.py:311: DeprecationWarning: datetime.datetime.utcnow() is deprecated and scheduled for removal in a future version. Use timezone-aware objects to represent datetimes in UTC: datetime.datetime.now(datetime.UTC).
    now = timegm(datetime.utcnow().utctimetuple())

-- Docs: https://docs.pytest.org/en/stable/how-to/capture-warnings.html
=========================== short test summary info ===========================
FAILED tests/test_security.py::TestBlockchain::test_chain_persistence - Attri...
FAILED tests/test_security.py::TestAuditLogger::test_get_recent - assert 0 == 2
ERROR tests/test_security.py::TestBlockchain::test_genesis_block - TypeError:...
ERROR tests/test_security.py::TestBlockchain::test_add_entry - TypeError: Bla...
ERROR tests/test_security.py::TestBlockchain::test_validate_integrity - TypeE...
ERROR tests/test_security.py::TestBlockchain::test_tamper_detection - TypeErr...
ERROR tests/test_security.py::TestBlockchain::test_merkle_root - TypeError: B...
ERROR tests/test_security.py::TestBlockchain::test_get_metrics - TypeError: B...
ERROR tests/test_security.py::TestBlockchain::test_get_recent_blocks - TypeEr...
============= 2 failed, 43 passed, 4 warnings, 7 errors in 4.21s ==============
